c:\Users\Emin\Desktop\MN-Barcode\MN-Barcode.WinForms\ExpenseManagerForm.cs(122,130): error CS0117: 'FlowLayoutPanel' bir 'AlignContent' tan─▒m─▒ i├ğermiyor [c:\Users\Emin\Desktop\MN-Barcode\MN-Barcode.WinForms\MN-Barcode.WinForms.csproj]
c:\Users\Emin\Desktop\MN-Barcode\MN-Barcode.WinForms\ExpenseManagerForm.cs(122,145): error CS0103: 'FlowLayoutPanelAlignment' ad─▒ ge├ğerli ba─şlamda yok [c:\Users\Emin\Desktop\MN-Barcode\MN-Barcode.WinForms\MN-Barcode.WinForms.csproj]

Olu┼şturma BA┼ŞARISIZ OLDU.
    1 Uyar─▒
    2 Hata

Ge├ğen S├╝re 00:00:01.93

─░┼ş y├╝k├╝ g├╝ncelle┼ştirmeleri var. Daha fazla bilgi i├ğin `dotnet workload list` ├ğal─▒┼şt─▒r─▒n.
